// Jest Snapshot v1, https://goo.gl/fbAQLP

exports[`ListItemButton ListItemButton renders correctly 1`] = `
<div
  aria-disabled={false}
  className="MuiButtonBase-root MuiListItem-root MuiListItem-gutters MuiListItem-button"
  onBlur={[Function]}
  onDragLeave={[Function]}
  onFocus={[Function]}
  onKeyDown={[Function]}
  onKeyUp={[Function]}
  onMouseDown={[Function]}
  onMouseLeave={[Function]}
  onMouseUp={[Function]}
  onTouchEnd={[Function]}
  onTouchMove={[Function]}
  onTouchStart={[Function]}
  role="button"
  tabIndex={0}
>
  <div
    className="MuiListItemIcon-root"
  >
    <test />
  </div>
  <div
    className="MuiListItemText-root"
    onClick={[Function]}
  >
    <span
      className="MuiTypography-root MuiListItemText-primary MuiTypography-body1 MuiTypography-displayBlock"
    >
      test
    </span>
  </div>
</div>
`;
