// Jest Snapshot v1, https://goo.gl/fbAQLP

exports[`ErrorAlert ErrorAlert renders correctly 1`] = `
<div
  className="makeStyles-root-1"
/>
`;
